Discount: 20%
Discounted price: $80.00 with discounted amount per unit: $20.00 from the original price of $100.00
Final total price: $80.00 * 5 = $400.00.