Consumed gas for the period (in gallons): 2.1359223300970873
